<html>
<body>
<pre>
<h1>礦ision Build Log</h1>
<h2>Project:</h2>
G:\公司\数据手套\大鸟智能数据手套DN-02\用户资料\SDK1.4 - 新版固件\stm32例程\stm32 -- 舵机控制\机械手臂程序\最终\User\stm32工程.uvproj
Project File Date:  04/13/2016

<h2>Output:</h2>
Rebuild target 'Target 1'
compiling main.c...
compiling stm32f10x_it.c...
compiling system_stm32f10x.c...
assembling startup_stm32f10x_hd.s...
compiling core_cm3.c...
compiling misc.c...
compiling stm32f10x_adc.c...
compiling stm32f10x_bkp.c...
compiling stm32f10x_can.c...
compiling stm32f10x_cec.c...
compiling stm32f10x_crc.c...
compiling stm32f10x_dac.c...
compiling stm32f10x_dbgmcu.c...
compiling stm32f10x_dma.c...
compiling stm32f10x_exti.c...
compiling stm32f10x_flash.c...
compiling stm32f10x_fsmc.c...
compiling stm32f10x_gpio.c...
compiling stm32f10x_i2c.c...
compiling stm32f10x_iwdg.c...
compiling stm32f10x_pwr.c...
compiling stm32f10x_rcc.c...
compiling stm32f10x_rtc.c...
compiling stm32f10x_sdio.c...
compiling stm32f10x_spi.c...
compiling stm32f10x_tim.c...
compiling stm32f10x_usart.c...
compiling stm32f10x_wwdg.c...
compiling delay.c...
compiling usart.c...
compiling MY_time_Conf.c...
compiling sys.c...
compiling timer.c...
compiling exti.c...
linking...
Program Size: Code=8444 RO-data=336 RW-data=64 ZI-data=1728  
FromELF: creating hex file...
"..\Obj\stm32工程.axf" - 0 Error(s), 0 Warning(s).
</pre>
</body>
</html>
