<html>
<body>
<pre>
<h1>礦ision Build Log</h1>
<h2>Project:</h2>
C:\Documents and Settings\Administrator\桌面\stm32模板\User\stm32工程.uvproj
Project File Date:  04/03/2013

<h2>Output:</h2>
Build target 'Target 1'
compiling main.c...
stm32f10x.h(96): error:  #35: #error directive: "Please select first the target STM32F10x device used in your application (in stm32f10x.h file)"
stm32f10x.h:    #error "Please select first the target STM32F10x device used in your application (in stm32f10x.h file)"
stm32f10x.h:     ^
stm32f10x.h: main.c: 0 warnings, 1 error
compiling stm32f10x_it.c...
stm32f10x.h(96): error:  #35: #error directive: "Please select first the target STM32F10x device used in your application (in stm32f10x.h file)"
stm32f10x.h:    #error "Please select first the target STM32F10x device used in your application (in stm32f10x.h file)"
stm32f10x.h:     ^
stm32f10x.h: stm32f10x_it.c: 0 warnings, 1 error
compiling system_stm32f10x.c...
stm32f10x.h(96): error:  #35: #error directive: "Please select first the target STM32F10x device used in your application (in stm32f10x.h file)"
stm32f10x.h:    #error "Please select first the target STM32F10x device used in your application (in stm32f10x.h file)"
stm32f10x.h:     ^
stm32f10x.h: system_stm32f10x.c: 0 warnings, 1 error
assembling startup_stm32f10x_hd.s...
compiling core_cm3.c...
compiling misc.c...
..\User\stm32f10x.h(96): error:  #35: #error directive: "Please select first the target STM32F10x device used in your application (in stm32f10x.h file)"
..\User\stm32f10x.h:    #error "Please select first the target STM32F10x device used in your application (in stm32f10x.h file)"
..\User\stm32f10x.h:     ^
..\User\stm32f10x.h: ..\Libraries\src\misc.c: 0 warnings, 1 error
compiling stm32f10x_adc.c...
..\User\stm32f10x.h(96): error:  #35: #error directive: "Please select first the target STM32F10x device used in your application (in stm32f10x.h file)"
..\User\stm32f10x.h:    #error "Please select first the target STM32F10x device used in your application (in stm32f10x.h file)"
..\User\stm32f10x.h:     ^
..\User\stm32f10x.h: ..\Libraries\src\stm32f10x_adc.c: 0 warnings, 1 error
compiling stm32f10x_bkp.c...
..\User\stm32f10x.h(96): error:  #35: #error directive: "Please select first the target STM32F10x device used in your application (in stm32f10x.h file)"
..\User\stm32f10x.h:    #error "Please select first the target STM32F10x device used in your application (in stm32f10x.h file)"
..\User\stm32f10x.h:     ^
..\User\stm32f10x.h: ..\Libraries\src\stm32f10x_bkp.c: 0 warnings, 1 error
compiling stm32f10x_can.c...
..\User\stm32f10x.h(96): error:  #35: #error directive: "Please select first the target STM32F10x device used in your application (in stm32f10x.h file)"
..\User\stm32f10x.h:    #error "Please select first the target STM32F10x device used in your application (in stm32f10x.h file)"
..\User\stm32f10x.h:     ^
..\User\stm32f10x.h: ..\Libraries\src\stm32f10x_can.c: 0 warnings, 1 error
compiling stm32f10x_cec.c...
..\User\stm32f10x.h(96): error:  #35: #error directive: "Please select first the target STM32F10x device used in your application (in stm32f10x.h file)"
..\User\stm32f10x.h:    #error "Please select first the target STM32F10x device used in your application (in stm32f10x.h file)"
..\User\stm32f10x.h:     ^
..\User\stm32f10x.h: ..\Libraries\src\stm32f10x_cec.c: 0 warnings, 1 error
compiling stm32f10x_crc.c...
..\User\stm32f10x.h(96): error:  #35: #error directive: "Please select first the target STM32F10x device used in your application (in stm32f10x.h file)"
..\User\stm32f10x.h:    #error "Please select first the target STM32F10x device used in your application (in stm32f10x.h file)"
..\User\stm32f10x.h:     ^
..\User\stm32f10x.h: ..\Libraries\src\stm32f10x_crc.c: 0 warnings, 1 error
compiling stm32f10x_dac.c...
..\User\stm32f10x.h(96): error:  #35: #error directive: "Please select first the target STM32F10x device used in your application (in stm32f10x.h file)"
..\User\stm32f10x.h:    #error "Please select first the target STM32F10x device used in your application (in stm32f10x.h file)"
..\User\stm32f10x.h:     ^
..\User\stm32f10x.h: ..\Libraries\src\stm32f10x_dac.c: 0 warnings, 1 error
compiling stm32f10x_dbgmcu.c...
..\User\stm32f10x.h(96): error:  #35: #error directive: "Please select first the target STM32F10x device used in your application (in stm32f10x.h file)"
..\User\stm32f10x.h:    #error "Please select first the target STM32F10x device used in your application (in stm32f10x.h file)"
..\User\stm32f10x.h:     ^
..\User\stm32f10x.h: ..\Libraries\src\stm32f10x_dbgmcu.c: 0 warnings, 1 error
compiling stm32f10x_dma.c...
..\User\stm32f10x.h(96): error:  #35: #error directive: "Please select first the target STM32F10x device used in your application (in stm32f10x.h file)"
..\User\stm32f10x.h:    #error "Please select first the target STM32F10x device used in your application (in stm32f10x.h file)"
..\User\stm32f10x.h:     ^
..\User\stm32f10x.h: ..\Libraries\src\stm32f10x_dma.c: 0 warnings, 1 error
compiling stm32f10x_exti.c...
..\User\stm32f10x.h(96): error:  #35: #error directive: "Please select first the target STM32F10x device used in your application (in stm32f10x.h file)"
..\User\stm32f10x.h:    #error "Please select first the target STM32F10x device used in your application (in stm32f10x.h file)"
..\User\stm32f10x.h:     ^
..\User\stm32f10x.h: ..\Libraries\src\stm32f10x_exti.c: 0 warnings, 1 error
compiling stm32f10x_flash.c...
..\User\stm32f10x.h(96): error:  #35: #error directive: "Please select first the target STM32F10x device used in your application (in stm32f10x.h file)"
..\User\stm32f10x.h:    #error "Please select first the target STM32F10x device used in your application (in stm32f10x.h file)"
..\User\stm32f10x.h:     ^
..\User\stm32f10x.h: ..\Libraries\src\stm32f10x_flash.c: 0 warnings, 1 error
compiling stm32f10x_fsmc.c...
..\User\stm32f10x.h(96): error:  #35: #error directive: "Please select first the target STM32F10x device used in your application (in stm32f10x.h file)"
..\User\stm32f10x.h:    #error "Please select first the target STM32F10x device used in your application (in stm32f10x.h file)"
..\User\stm32f10x.h:     ^
..\User\stm32f10x.h: ..\Libraries\src\stm32f10x_fsmc.c: 0 warnings, 1 error
compiling stm32f10x_gpio.c...
..\User\stm32f10x.h(96): error:  #35: #error directive: "Please select first the target STM32F10x device used in your application (in stm32f10x.h file)"
..\User\stm32f10x.h:    #error "Please select first the target STM32F10x device used in your application (in stm32f10x.h file)"
..\User\stm32f10x.h:     ^
..\User\stm32f10x.h: ..\Libraries\src\stm32f10x_gpio.c: 0 warnings, 1 error
compiling stm32f10x_i2c.c...
..\User\stm32f10x.h(96): error:  #35: #error directive: "Please select first the target STM32F10x device used in your application (in stm32f10x.h file)"
..\User\stm32f10x.h:    #error "Please select first the target STM32F10x device used in your application (in stm32f10x.h file)"
..\User\stm32f10x.h:     ^
..\User\stm32f10x.h: ..\Libraries\src\stm32f10x_i2c.c: 0 warnings, 1 error
compiling stm32f10x_iwdg.c...
..\User\stm32f10x.h(96): error:  #35: #error directive: "Please select first the target STM32F10x device used in your application (in stm32f10x.h file)"
..\User\stm32f10x.h:    #error "Please select first the target STM32F10x device used in your application (in stm32f10x.h file)"
..\User\stm32f10x.h:     ^
..\User\stm32f10x.h: ..\Libraries\src\stm32f10x_iwdg.c: 0 warnings, 1 error
compiling stm32f10x_pwr.c...
..\User\stm32f10x.h(96): error:  #35: #error directive: "Please select first the target STM32F10x device used in your application (in stm32f10x.h file)"
..\User\stm32f10x.h:    #error "Please select first the target STM32F10x device used in your application (in stm32f10x.h file)"
..\User\stm32f10x.h:     ^
..\User\stm32f10x.h: ..\Libraries\src\stm32f10x_pwr.c: 0 warnings, 1 error
compiling stm32f10x_rcc.c...
..\User\stm32f10x.h(96): error:  #35: #error directive: "Please select first the target STM32F10x device used in your application (in stm32f10x.h file)"
..\User\stm32f10x.h:    #error "Please select first the target STM32F10x device used in your application (in stm32f10x.h file)"
..\User\stm32f10x.h:     ^
..\User\stm32f10x.h: ..\Libraries\src\stm32f10x_rcc.c: 0 warnings, 1 error
compiling stm32f10x_rtc.c...
..\User\stm32f10x.h(96): error:  #35: #error directive: "Please select first the target STM32F10x device used in your application (in stm32f10x.h file)"
..\User\stm32f10x.h:    #error "Please select first the target STM32F10x device used in your application (in stm32f10x.h file)"
..\User\stm32f10x.h:     ^
..\User\stm32f10x.h: ..\Libraries\src\stm32f10x_rtc.c: 0 warnings, 1 error
compiling stm32f10x_sdio.c...
..\User\stm32f10x.h(96): error:  #35: #error directive: "Please select first the target STM32F10x device used in your application (in stm32f10x.h file)"
..\User\stm32f10x.h:    #error "Please select first the target STM32F10x device used in your application (in stm32f10x.h file)"
..\User\stm32f10x.h:     ^
..\User\stm32f10x.h: ..\Libraries\src\stm32f10x_sdio.c: 0 warnings, 1 error
compiling stm32f10x_spi.c...
..\User\stm32f10x.h(96): error:  #35: #error directive: "Please select first the target STM32F10x device used in your application (in stm32f10x.h file)"
..\User\stm32f10x.h:    #error "Please select first the target STM32F10x device used in your application (in stm32f10x.h file)"
..\User\stm32f10x.h:     ^
..\User\stm32f10x.h: ..\Libraries\src\stm32f10x_spi.c: 0 warnings, 1 error
compiling stm32f10x_tim.c...
..\User\stm32f10x.h(96): error:  #35: #error directive: "Please select first the target STM32F10x device used in your application (in stm32f10x.h file)"
..\User\stm32f10x.h:    #error "Please select first the target STM32F10x device used in your application (in stm32f10x.h file)"
..\User\stm32f10x.h:     ^
..\User\stm32f10x.h: ..\Libraries\src\stm32f10x_tim.c: 0 warnings, 1 error
compiling stm32f10x_usart.c...
..\User\stm32f10x.h(96): error:  #35: #error directive: "Please select first the target STM32F10x device used in your application (in stm32f10x.h file)"
..\User\stm32f10x.h:    #error "Please select first the target STM32F10x device used in your application (in stm32f10x.h file)"
..\User\stm32f10x.h:     ^
..\User\stm32f10x.h: ..\Libraries\src\stm32f10x_usart.c: 0 warnings, 1 error
compiling stm32f10x_wwdg.c...
..\User\stm32f10x.h(96): error:  #35: #error directive: "Please select first the target STM32F10x device used in your application (in stm32f10x.h file)"
..\User\stm32f10x.h:    #error "Please select first the target STM32F10x device used in your application (in stm32f10x.h file)"
..\User\stm32f10x.h:     ^
..\User\stm32f10x.h: ..\Libraries\src\stm32f10x_wwdg.c: 0 warnings, 1 error
Target not created
Build target 'Target 1'
compiling main.c...
main.c(24): error:  #5: cannot open source input file "stm32_eval.h": No such file or directory
main.c:   #include "stm32_eval.h"
main.c:                          ^
main.c: main.c: 0 warnings, 1 error
compiling stm32f10x_it.c...
compiling system_stm32f10x.c...
assembling startup_stm32f10x_hd.s...
compiling core_cm3.c...
compiling misc.c...
compiling stm32f10x_adc.c...
compiling stm32f10x_bkp.c...
compiling stm32f10x_can.c...
compiling stm32f10x_cec.c...
compiling stm32f10x_crc.c...
compiling stm32f10x_dac.c...
compiling stm32f10x_dbgmcu.c...
compiling stm32f10x_dma.c...
compiling stm32f10x_exti.c...
compiling stm32f10x_flash.c...
compiling stm32f10x_fsmc.c...
compiling stm32f10x_gpio.c...
compiling stm32f10x_i2c.c...
compiling stm32f10x_iwdg.c...
compiling stm32f10x_pwr.c...
compiling stm32f10x_rcc.c...
compiling stm32f10x_rtc.c...
compiling stm32f10x_sdio.c...
compiling stm32f10x_spi.c...
compiling stm32f10x_tim.c...
compiling stm32f10x_usart.c...
compiling stm32f10x_wwdg.c...
Target not created
Build target 'Target 1'
compiling main.c...
compiling stm32f10x_it.c...
compiling system_stm32f10x.c...
assembling startup_stm32f10x_hd.s...
compiling core_cm3.c...
compiling misc.c...
compiling stm32f10x_adc.c...
compiling stm32f10x_bkp.c...
compiling stm32f10x_can.c...
compiling stm32f10x_cec.c...
compiling stm32f10x_crc.c...
compiling stm32f10x_dac.c...
compiling stm32f10x_dbgmcu.c...
compiling stm32f10x_dma.c...
compiling stm32f10x_exti.c...
compiling stm32f10x_flash.c...
compiling stm32f10x_fsmc.c...
compiling stm32f10x_gpio.c...
compiling stm32f10x_i2c.c...
compiling stm32f10x_iwdg.c...
compiling stm32f10x_pwr.c...
compiling stm32f10x_rcc.c...
compiling stm32f10x_rtc.c...
compiling stm32f10x_sdio.c...
compiling stm32f10x_spi.c...
compiling stm32f10x_tim.c...
compiling stm32f10x_usart.c...
compiling stm32f10x_wwdg.c...
linking...
Program Size: Code=848 RO-data=336 RW-data=20 ZI-data=1636  
FromELF: creating hex file...
"..\Obj\stm32工程.axf" - 0 Error(s), 0 Warning(s).
